microbloom\Properties\launchSettings.json i├ğindeki ba┼şlatma ayarlar─▒ kullan─▒l─▒yor...
info: Microsoft.EntityFrameworkCore.Database.Command[20101]
      Executed DbCommand (20ms) [Parameters=[@__normalizedName_0='?' (Size = 256)], CommandType='Text', CommandTimeout='30']
      SELECT TOP(1) [a].[Id], [a].[ConcurrencyStamp], [a].[Name], [a].[NormalizedName]
      FROM [AspNetRoles] AS [a]
      WHERE [a].[NormalizedName] = @__normalizedName_0
info: Microsoft.EntityFrameworkCore.Database.Command[20101]
      Executed DbCommand (1ms) [Parameters=[@__normalizedName_0='?' (Size = 256)], CommandType='Text', CommandTimeout='30']
      SELECT TOP(1) [a].[Id], [a].[ConcurrencyStamp], [a].[Name], [a].[NormalizedName]
      FROM [AspNetRoles] AS [a]
      WHERE [a].[NormalizedName] = @__normalizedName_0
info: Microsoft.EntityFrameworkCore.Database.Command[20101]
      Executed DbCommand (0ms) [Parameters=[@__normalizedName_0='?' (Size = 256)], CommandType='Text', CommandTimeout='30']
      SELECT TOP(1) [a].[Id], [a].[ConcurrencyStamp], [a].[Name], [a].[NormalizedName]
      FROM [AspNetRoles] AS [a]
      WHERE [a].[NormalizedName] = @__normalizedName_0
info: Microsoft.AspNetCore.DataProtection.KeyManagement.XmlKeyManager[63]
      User profile is available. Using 'C:\Users\eneso\AppData\Local\ASP.NET\DataProtection-Keys' as key repository and Windows DPAPI to encrypt keys at rest.
info: Microsoft.EntityFrameworkCore.Database.Command[20101]
      Executed DbCommand (0ms) [Parameters=[@__normalizedName_0='?' (Size = 256)], CommandType='Text', CommandTimeout='30']
      SELECT TOP(1) [a].[Id], [a].[ConcurrencyStamp], [a].[Name], [a].[NormalizedName]
      FROM [AspNetRoles] AS [a]
      WHERE [a].[NormalizedName] = @__normalizedName_0
info: Microsoft.EntityFrameworkCore.Database.Command[20101]
      Executed DbCommand (0ms) [Parameters=[@__normalizedName_0='?' (Size = 256)], CommandType='Text', CommandTimeout='30']
      SELECT TOP(1) [a].[Id], [a].[ConcurrencyStamp], [a].[Name], [a].[NormalizedName]
      FROM [AspNetRoles] AS [a]
      WHERE [a].[NormalizedName] = @__normalizedName_0
info: Microsoft.EntityFrameworkCore.Database.Command[20101]
      Executed DbCommand (0ms) [Parameters=[@__normalizedName_0='?' (Size = 256)], CommandType='Text', CommandTimeout='30']
      SELECT TOP(1) [a].[Id], [a].[ConcurrencyStamp], [a].[Name], [a].[NormalizedName]
      FROM [AspNetRoles] AS [a]
      WHERE [a].[NormalizedName] = @__normalizedName_0
info: Microsoft.EntityFrameworkCore.Database.Command[20101]
      Executed DbCommand (1ms) [Parameters=[@__normalizedEmail_0='?' (Size = 256)], CommandType='Text', CommandTimeout='30']
      SELECT TOP(2) [a].[Id], [a].[AccessFailedCount], [a].[Bio], [a].[CompanyId], [a].[ConcurrencyStamp], [a].[CvUrl], [a].[Email], [a].[EmailConfirmed], [a].[FirstName], [a].[GitHubUrl], [a].[LastName], [a].[LinkedInUrl], [a].[LockoutEnabled], [a].[LockoutEnd], [a].[NormalizedEmail], [a].[NormalizedUserName], [a].[PasswordHash], [a].[PhoneNumber], [a].[PhoneNumberConfirmed], [a].[ProfilePictureUrl], [a].[SecurityStamp], [a].[Skills], [a].[Title], [a].[TwoFactorEnabled], [a].[UserName], [a].[WebsiteUrl]
      FROM [AspNetUsers] AS [a]
      WHERE [a].[NormalizedEmail] = @__normalizedEmail_0
info: Microsoft.EntityFrameworkCore.Database.Command[20101]
      Executed DbCommand (0ms) [Parameters=[@__normalizedEmail_0='?' (Size = 256)], CommandType='Text', CommandTimeout='30']
      SELECT TOP(2) [a].[Id], [a].[AccessFailedCount], [a].[Bio], [a].[CompanyId], [a].[ConcurrencyStamp], [a].[CvUrl], [a].[Email], [a].[EmailConfirmed], [a].[FirstName], [a].[GitHubUrl], [a].[LastName], [a].[LinkedInUrl], [a].[LockoutEnabled], [a].[LockoutEnd], [a].[NormalizedEmail], [a].[NormalizedUserName], [a].[PasswordHash], [a].[PhoneNumber], [a].[PhoneNumberConfirmed], [a].[ProfilePictureUrl], [a].[SecurityStamp], [a].[Skills], [a].[Title], [a].[TwoFactorEnabled], [a].[UserName], [a].[WebsiteUrl]
      FROM [AspNetUsers] AS [a]
      WHERE [a].[NormalizedEmail] = @__normalizedEmail_0
info: Microsoft.EntityFrameworkCore.Database.Command[20101]
      Executed DbCommand (1ms) [Parameters=[], CommandType='Text', CommandTimeout='30']
      SELECT COUNT(*)
      FROM [Companies] AS [c]
info: Microsoft.EntityFrameworkCore.Database.Command[20101]
      Executed DbCommand (0ms) [Parameters=[@__normalizedRoleName_0='?' (Size = 256)], CommandType='Text', CommandTimeout='30']
      SELECT TOP(2) [a].[Id], [a].[ConcurrencyStamp], [a].[Name], [a].[NormalizedName]
      FROM [AspNetRoles] AS [a]
      WHERE [a].[NormalizedName] = @__normalizedRoleName_0
info: Microsoft.EntityFrameworkCore.Database.Command[20101]
      Executed DbCommand (1ms) [Parameters=[@__role_Id_0='?' (Size = 450)], CommandType='Text', CommandTimeout='30']
      SELECT [a0].[Id], [a0].[AccessFailedCount], [a0].[Bio], [a0].[CompanyId], [a0].[ConcurrencyStamp], [a0].[CvUrl], [a0].[Email], [a0].[EmailConfirmed], [a0].[FirstName], [a0].[GitHubUrl], [a0].[LastName], [a0].[LinkedInUrl], [a0].[LockoutEnabled], [a0].[LockoutEnd], [a0].[NormalizedEmail], [a0].[NormalizedUserName], [a0].[PasswordHash], [a0].[PhoneNumber], [a0].[PhoneNumberConfirmed], [a0].[ProfilePictureUrl], [a0].[SecurityStamp], [a0].[Skills], [a0].[Title], [a0].[TwoFactorEnabled], [a0].[UserName], [a0].[WebsiteUrl]
      FROM [AspNetUserRoles] AS [a]
      INNER JOIN [AspNetUsers] AS [a0] ON [a].[UserId] = [a0].[Id]
      WHERE [a].[RoleId] = @__role_Id_0
info: Microsoft.EntityFrameworkCore.Database.Command[20101]
      Executed DbCommand (0ms) [Parameters=[], CommandType='Text', CommandTimeout='30']
      SELECT CASE
          WHEN EXISTS (
              SELECT 1
              FROM [ContentCategories] AS [c]) THEN CAST(1 AS bit)
          ELSE CAST(0 AS bit)
      END
info: Microsoft.EntityFrameworkCore.Database.Command[20101]
      Executed DbCommand (1ms) [Parameters=[], CommandType='Text', CommandTimeout='30']
      SELECT [u].[Id], [u].[City], [u].[IsStateUniversity], [u].[LogoUrl], [u].[Name], [u].[WebSite], [d].[Id], [d].[LastYearBaseRanking], [d].[LastYearBaseScore], [d].[Name], [d].[ScoreType], [d].[UniversityId]
      FROM [Universities] AS [u]
      LEFT JOIN [Departments] AS [d] ON [u].[Id] = [d].[UniversityId]
      ORDER BY [u].[Id]
info: Microsoft.EntityFrameworkCore.Database.Command[20101]
      Executed DbCommand (0ms) [Parameters=[], CommandType='Text', CommandTimeout='30']
      SELECT COUNT(*)
      FROM [Departments] AS [d]
fail: Microsoft.EntityFrameworkCore.Database.Command[20102]
      Failed executing DbCommand (3ms) [Parameters=[@p0='?' (DbType = Int32), @p1='?' (DbType = Int32), @p2='?' (DbType = Double), @p3='?' (Size = 4000), @p4='?' (Size = 4000), @p5='?' (DbType = Int32), @p6='?' (DbType = Int32), @p7='?' (DbType = Int32), @p8='?' (DbType = Double), @p9='?' (Size = 4000), @p10='?' (Size = 4000), @p11='?' (DbType = Int32), @p12='?' (DbType = Int32), @p13='?' (DbType = Int32), @p14='?' (DbType = Double), @p15='?' (Size = 4000), @p16='?' (Size = 4000), @p17='?' (DbType = Int32), @p18='?' (DbType = Int32), @p19='?' (DbType = Int32), @p20='?' (DbType = Double), @p21='?' (Size = 4000), @p22='?' (Size = 4000), @p23='?' (DbType = Int32), @p24='?' (DbType = Int32), @p25='?' (DbType = Int32), @p26='?' (DbType = Double), @p27='?' (Size = 4000), @p28='?' (Size = 4000), @p29='?' (DbType = Int32), @p30='?' (DbType = Int32), @p31='?' (DbType = Int32), @p32='?' (DbType = Double), @p33='?' (Size = 4000), @p34='?' (Size = 4000), @p35='?' (DbType = Int32), @p36='?' (DbType = Int32), @p37='?' (DbType = Int32), @p38='?' (DbType = Double), @p39='?' (Size = 4000), @p40='?' (Size = 4000), @p41='?' (DbType = Int32), @p42='?' (DbType = Int32), @p43='?' (DbType = Int32), @p44='?' (DbType = Double), @p45='?' (Size = 4000), @p46='?' (Size = 4000), @p47='?' (DbType = Int32), @p48='?' (DbType = Int32), @p49='?' (DbType = Int32), @p50='?' (DbType = Double), @p51='?' (Size = 4000), @p52='?' (Size = 4000), @p53='?' (DbType = Int32), @p54='?' (DbType = Int32), @p55='?' (DbType = Int32), @p56='?' (DbType = Double), @p57='?' (Size = 4000), @p58='?' (Size = 4000), @p59='?' (DbType = Int32), @p60='?' (DbType = Int32), @p61='?' (DbType = Int32), @p62='?' (DbType = Double), @p63='?' (Size = 4000), @p64='?' (Size = 4000), @p65='?' (DbType = Int32), @p66='?' (DbType = Int32), @p67='?' (DbType = Int32), @p68='?' (DbType = Double), @p69='?' (Size = 4000), @p70='?' (Size = 4000), @p71='?' (DbType = Int32), @p72='?' (DbType = Int32), @p73='?' (DbType = Int32), @p74='?' (DbType = Double), @p75='?' (Size = 4000), @p76='?' (Size = 4000), @p77='?' (DbType = Int32), @p78='?' (DbType = Int32), @p79='?' (DbType = Int32), @p80='?' (DbType = Double), @p81='?' (Size = 4000), @p82='?' (Size = 4000), @p83='?' (DbType = Int32), @p84='?' (DbType = Int32), @p85='?' (DbType = Int32), @p86='?' (DbType = Double), @p87='?' (Size = 4000), @p88='?' (Size = 4000), @p89='?' (DbType = Int32), @p90='?' (DbType = Int32), @p91='?' (DbType = Int32), @p92='?' (DbType = Double), @p93='?' (Size = 4000), @p94='?' (Size = 4000), @p95='?' (DbType = Int32), @p96='?' (DbType = Int32), @p97='?' (DbType = Int32), @p98='?' (DbType = Double), @p99='?' (Size = 4000), @p100='?' (Size = 4000), @p101='?' (DbType = Int32), @p102='?' (DbType = Int32), @p103='?' (DbType = Int32), @p104='?' (DbType = Double), @p105='?' (Size = 4000), @p106='?' (Size = 4000), @p107='?' (DbType = Int32), @p108='?' (DbType = Int32), @p109='?' (DbType = Int32), @p110='?' (DbType = Double), @p111='?' (Size = 4000), @p112='?' (Size = 4000), @p113='?' (DbType = Int32), @p114='?' (DbType = Int32), @p115='?' (DbType = Int32), @p116='?' (DbType = Double), @p117='?' (Size = 4000), @p118='?' (Size = 4000), @p119='?' (DbType = Int32), @p120='?' (DbType = Int32), @p121='?' (DbType = Int32), @p122='?' (DbType = Double), @p123='?' (Size = 4000), @p124='?' (Size = 4000), @p125='?' (DbType = Int32), @p126='?' (DbType = Int32), @p127='?' (DbType = Int32), @p128='?' (DbType = Double), @p129='?' (Size = 4000), @p130='?' (Size = 4000), @p131='?' (DbType = Int32), @p132='?' (DbType = Int32), @p133='?' (DbType = Int32), @p134='?' (DbType = Double), @p135='?' (Size = 4000), @p136='?' (Size = 4000), @p137='?' (DbType = Int32), @p138='?' (DbType = Int32), @p139='?' (DbType = Int32), @p140='?' (DbType = Double), @p141='?' (Size = 4000), @p142='?' (Size = 4000), @p143='?' (DbType = Int32), @p144='?' (DbType = Int32), @p145='?' (DbType = Int32), @p146='?' (DbType = Double), @p147='?' (Size = 4000), @p148='?' (Size = 4000), @p149='?' (DbType = Int32), @p150='?' (DbType = Int32), @p151='?' (DbType = Int32), @p152='?' (DbType = Double), @p153='?' (Size = 4000), @p154='?' (Size = 4000), @p155='?' (DbType = Int32), @p156='?' (DbType = Int32), @p157='?' (DbType = Int32), @p158='?' (DbType = Double), @p159='?' (Size = 4000), @p160='?' (Size = 4000), @p161='?' (DbType = Int32), @p162='?' (DbType = Int32), @p163='?' (DbType = Int32), @p164='?' (DbType = Double), @p165='?' (Size = 4000), @p166='?' (Size = 4000), @p167='?' (DbType = Int32), @p168='?' (DbType = Int32), @p169='?' (DbType = Int32), @p170='?' (DbType = Double), @p171='?' (Size = 4000), @p172='?' (Size = 4000), @p173='?' (DbType = Int32), @p174='?' (DbType = Int32), @p175='?' (DbType = Int32), @p176='?' (DbType = Double), @p177='?' (Size = 4000), @p178='?' (Size = 4000), @p179='?' (DbType = Int32), @p180='?' (DbType = Int32), @p181='?' (DbType = Int32), @p182='?' (DbType = Double), @p183='?' (Size = 4000), @p184='?' (Size = 4000), @p185='?' (DbType = Int32), @p186='?' (DbType = Int32), @p187='?' (DbType = Int32), @p188='?' (DbType = Double), @p189='?' (Size = 4000), @p190='?' (Size = 4000), @p191='?' (DbType = Int32), @p192='?' (DbType = Int32), @p193='?' (DbType = Int32), @p194='?' (DbType = Double), @p195='?' (Size = 4000), @p196='?' (Size = 4000), @p197='?' (DbType = Int32), @p198='?' (DbType = Int32), @p199='?' (DbType = Int32), @p200='?' (DbType = Double), @p201='?' (Size = 4000), @p202='?' (Size = 4000), @p203='?' (DbType = Int32), @p204='?' (DbType = Int32), @p205='?' (DbType = Int32), @p206='?' (DbType = Double), @p207='?' (Size = 4000), @p208='?' (Size = 4000), @p209='?' (DbType = Int32), @p210='?' (DbType = Int32), @p211='?' (DbType = Int32), @p212='?' (DbType = Double), @p213='?' (Size = 4000), @p214='?' (Size = 4000), @p215='?' (DbType = Int32), @p216='?' (DbType = Int32), @p217='?' (DbType = Int32), @p218='?' (DbType = Double), @p219='?' (Size = 4000), @p220='?' (Size = 4000), @p221='?' (DbType = Int32), @p222='?' (DbType = Int32), @p223='?' (DbType = Int32), @p224='?' (DbType = Double), @p225='?' (Size = 4000), @p226='?' (Size = 4000), @p227='?' (DbType = Int32), @p228='?' (DbType = Int32), @p229='?' (DbType = Int32), @p230='?' (DbType = Double), @p231='?' (Size = 4000), @p232='?' (Size = 4000), @p233='?' (DbType = Int32), @p234='?' (DbType = Int32), @p235='?' (DbType = Int32), @p236='?' (DbType = Double), @p237='?' (Size = 4000), @p238='?' (Size = 4000), @p239='?' (DbType = Int32), @p240='?' (DbType = Int32), @p241='?' (DbType = Int32), @p242='?' (DbType = Double), @p243='?' (Size = 4000), @p244='?' (Size = 4000), @p245='?' (DbType = Int32), @p246='?' (DbType = Int32), @p247='?' (DbType = Int32), @p248='?' (DbType = Double), @p249='?' (Size = 4000), @p250='?' (Size = 4000), @p251='?' (DbType = Int32)], CommandType='Text', CommandTimeout='30']
      SET IMPLICIT_TRANSACTIONS OFF;
      SET NOCOUNT ON;
      INSERT INTO [Departments] ([Id], [LastYearBaseRanking], [LastYearBaseScore], [Name], [ScoreType], [UniversityId])
      VALUES (@p0, @p1, @p2, @p3, @p4, @p5),
      (@p6, @p7, @p8, @p9, @p10, @p11),
      (@p12, @p13, @p14, @p15, @p16, @p17),
      (@p18, @p19, @p20, @p21, @p22, @p23),
      (@p24, @p25, @p26, @p27, @p28, @p29),
      (@p30, @p31, @p32, @p33, @p34, @p35),
      (@p36, @p37, @p38, @p39, @p40, @p41),
      (@p42, @p43, @p44, @p45, @p46, @p47),
      (@p48, @p49, @p50, @p51, @p52, @p53),
      (@p54, @p55, @p56, @p57, @p58, @p59),
      (@p60, @p61, @p62, @p63, @p64, @p65),
      (@p66, @p67, @p68, @p69, @p70, @p71),
      (@p72, @p73, @p74, @p75, @p76, @p77),
      (@p78, @p79, @p80, @p81, @p82, @p83),
      (@p84, @p85, @p86, @p87, @p88, @p89),
      (@p90, @p91, @p92, @p93, @p94, @p95),
      (@p96, @p97, @p98, @p99, @p100, @p101),
      (@p102, @p103, @p104, @p105, @p106, @p107),
      (@p108, @p109, @p110, @p111, @p112, @p113),
      (@p114, @p115, @p116, @p117, @p118, @p119),
      (@p120, @p121, @p122, @p123, @p124, @p125),
      (@p126, @p127, @p128, @p129, @p130, @p131),
      (@p132, @p133, @p134, @p135, @p136, @p137),
      (@p138, @p139, @p140, @p141, @p142, @p143),
      (@p144, @p145, @p146, @p147, @p148, @p149),
      (@p150, @p151, @p152, @p153, @p154, @p155),
      (@p156, @p157, @p158, @p159, @p160, @p161),
      (@p162, @p163, @p164, @p165, @p166, @p167),
      (@p168, @p169, @p170, @p171, @p172, @p173),
      (@p174, @p175, @p176, @p177, @p178, @p179),
      (@p180, @p181, @p182, @p183, @p184, @p185),
      (@p186, @p187, @p188, @p189, @p190, @p191),
      (@p192, @p193, @p194, @p195, @p196, @p197),
      (@p198, @p199, @p200, @p201, @p202, @p203),
      (@p204, @p205, @p206, @p207, @p208, @p209),
      (@p210, @p211, @p212, @p213, @p214, @p215),
      (@p216, @p217, @p218, @p219, @p220, @p221),
      (@p222, @p223, @p224, @p225, @p226, @p227),
      (@p228, @p229, @p230, @p231, @p232, @p233),
      (@p234, @p235, @p236, @p237, @p238, @p239),
      (@p240, @p241, @p242, @p243, @p244, @p245),
      (@p246, @p247, @p248, @p249, @p250, @p251);
fail: Microsoft.EntityFrameworkCore.Update[10000]
      An exception occurred in the database while saving changes for context type 'microbloom.Data.KariyerDBContext'.
      Microsoft.EntityFrameworkCore.DbUpdateException: An error occurred while saving the entity changes. See the inner exception for details.
       ---> Microsoft.Data.SqlClient.SqlException (0x80131904): Cannot insert explicit value for identity column in table 'Departments' when IDENTITY_INSERT is set to OFF.
         at Microsoft.Data.SqlClient.SqlCommand.<>c.<ExecuteDbDataReaderAsync>b__209_0(Task`1 result)
         at System.Threading.Tasks.ContinuationResultTaskFromResultTask`2.InnerInvoke()
         at System.Threading.ExecutionContext.RunInternal(ExecutionContext executionContext, ContextCallback callback, Object state)
      --- End of stack trace from previous location ---
         at System.Threading.ExecutionContext.RunInternal(ExecutionContext executionContext, ContextCallback callback, Object state)
         at System.Threading.Tasks.Task.ExecuteWithThreadLocal(Task& currentTaskSlot, Thread threadPoolThread)
      --- End of stack trace from previous location ---
         at Microsoft.EntityFrameworkCore.Storage.RelationalCommand.ExecuteReaderAsync(RelationalCommandParameterObject parameterObject, CancellationToken cancellationToken)
         at Microsoft.EntityFrameworkCore.Storage.RelationalCommand.ExecuteReaderAsync(RelationalCommandParameterObject parameterObject, CancellationToken cancellationToken)
         at Microsoft.EntityFrameworkCore.Update.ReaderModificationCommandBatch.ExecuteAsync(IRelationalConnection connection, CancellationToken cancellationToken)
      ClientConnectionId:ee69629e-f8bc-453f-adf6-cc615dfc88b4
      Error Number:544,State:1,Class:16
         --- End of inner exception stack trace ---
         at Microsoft.EntityFrameworkCore.Update.ReaderModificationCommandBatch.ExecuteAsync(IRelationalConnection connection, CancellationToken cancellationToken)
         at Microsoft.EntityFrameworkCore.SqlServer.Update.Internal.SqlServerModificationCommandBatch.ExecuteAsync(IRelationalConnection connection, CancellationToken cancellationToken)
         at Microsoft.EntityFrameworkCore.Update.Internal.BatchExecutor.ExecuteAsync(IEnumerable`1 commandBatches, IRelationalConnection connection, CancellationToken cancellationToken)
         at Microsoft.EntityFrameworkCore.Update.Internal.BatchExecutor.ExecuteAsync(IEnumerable`1 commandBatches, IRelationalConnection connection, CancellationToken cancellationToken)
         at Microsoft.EntityFrameworkCore.Update.Internal.BatchExecutor.ExecuteAsync(IEnumerable`1 commandBatches, IRelationalConnection connection, CancellationToken cancellationToken)
         at Microsoft.EntityFrameworkCore.ChangeTracking.Internal.StateManager.SaveChangesAsync(IList`1 entriesToSave, CancellationToken cancellationToken)
         at Microsoft.EntityFrameworkCore.ChangeTracking.Internal.StateManager.SaveChangesAsync(StateManager stateManager, Boolean acceptAllChangesOnSuccess, CancellationToken cancellationToken)
         at Microsoft.EntityFrameworkCore.SqlServer.Storage.Internal.SqlServerExecutionStrategy.ExecuteAsync[TState,TResult](TState state, Func`4 operation, Func`4 verifySucceeded, CancellationToken cancellationToken)
         at Microsoft.EntityFrameworkCore.DbContext.SaveChangesAsync(Boolean acceptAllChangesOnSuccess, CancellationToken cancellationToken)
      Microsoft.EntityFrameworkCore.DbUpdateException: An error occurred while saving the entity changes. See the inner exception for details.
       ---> Microsoft.Data.SqlClient.SqlException (0x80131904): Cannot insert explicit value for identity column in table 'Departments' when IDENTITY_INSERT is set to OFF.
         at Microsoft.Data.SqlClient.SqlCommand.<>c.<ExecuteDbDataReaderAsync>b__209_0(Task`1 result)
         at System.Threading.Tasks.ContinuationResultTaskFromResultTask`2.InnerInvoke()
         at System.Threading.ExecutionContext.RunInternal(ExecutionContext executionContext, ContextCallback callback, Object state)
      --- End of stack trace from previous location ---
         at System.Threading.ExecutionContext.RunInternal(ExecutionContext executionContext, ContextCallback callback, Object state)
         at System.Threading.Tasks.Task.ExecuteWithThreadLocal(Task& currentTaskSlot, Thread threadPoolThread)
      --- End of stack trace from previous location ---
         at Microsoft.EntityFrameworkCore.Storage.RelationalCommand.ExecuteReaderAsync(RelationalCommandParameterObject parameterObject, CancellationToken cancellationToken)
         at Microsoft.EntityFrameworkCore.Storage.RelationalCommand.ExecuteReaderAsync(RelationalCommandParameterObject parameterObject, CancellationToken cancellationToken)
         at Microsoft.EntityFrameworkCore.Update.ReaderModificationCommandBatch.ExecuteAsync(IRelationalConnection connection, CancellationToken cancellationToken)
      ClientConnectionId:ee69629e-f8bc-453f-adf6-cc615dfc88b4
      Error Number:544,State:1,Class:16
         --- End of inner exception stack trace ---
         at Microsoft.EntityFrameworkCore.Update.ReaderModificationCommandBatch.ExecuteAsync(IRelationalConnection connection, CancellationToken cancellationToken)
         at Microsoft.EntityFrameworkCore.SqlServer.Update.Internal.SqlServerModificationCommandBatch.ExecuteAsync(IRelationalConnection connection, CancellationToken cancellationToken)
         at Microsoft.EntityFrameworkCore.Update.Internal.BatchExecutor.ExecuteAsync(IEnumerable`1 commandBatches, IRelationalConnection connection, CancellationToken cancellationToken)
         at Microsoft.EntityFrameworkCore.Update.Internal.BatchExecutor.ExecuteAsync(IEnumerable`1 commandBatches, IRelationalConnection connection, CancellationToken cancellationToken)
         at Microsoft.EntityFrameworkCore.Update.Internal.BatchExecutor.ExecuteAsync(IEnumerable`1 commandBatches, IRelationalConnection connection, CancellationToken cancellationToken)
         at Microsoft.EntityFrameworkCore.ChangeTracking.Internal.StateManager.SaveChangesAsync(IList`1 entriesToSave, CancellationToken cancellationToken)
         at Microsoft.EntityFrameworkCore.ChangeTracking.Internal.StateManager.SaveChangesAsync(StateManager stateManager, Boolean acceptAllChangesOnSuccess, CancellationToken cancellationToken)
         at Microsoft.EntityFrameworkCore.SqlServer.Storage.Internal.SqlServerExecutionStrategy.ExecuteAsync[TState,TResult](TState state, Func`4 operation, Func`4 verifySucceeded, CancellationToken cancellationToken)
         at Microsoft.EntityFrameworkCore.DbContext.SaveChangesAsync(Boolean acceptAllChangesOnSuccess, CancellationToken cancellationToken)
Department seeding error: An error occurred while saving the entity changes. See the inner exception for details.
fail: Microsoft.EntityFrameworkCore.Update[10000]
      An exception occurred in the database while saving changes for context type 'microbloom.Data.KariyerDBContext'.
      Microsoft.EntityFrameworkCore.DbUpdateException: An error occurred while saving the entity changes. See the inner exception for details.
       ---> Microsoft.Data.SqlClient.SqlException (0x80131904): Cannot insert explicit value for identity column in table 'Departments' when IDENTITY_INSERT is set to OFF.
         at Microsoft.Data.SqlClient.SqlConnection.OnError(SqlException exception, Boolean breakConnection, Action`1 wrapCloseInAction)
         at Microsoft.Data.SqlClient.SqlInternalConnection.OnError(SqlException exception, Boolean breakConnection, Action`1 wrapCloseInAction)
         at Microsoft.Data.SqlClient.TdsParser.ThrowExceptionAndWarning(TdsParserStateObject stateObj, Boolean callerHasConnectionLock, Boolean asyncClose)
         at Microsoft.Data.SqlClient.TdsParser.TryRun(RunBehavior runBehavior, SqlCommand cmdHandler, SqlDataReader dataStream, BulkCopySimpleResultSet bulkCopyHandler, TdsParserStateObject stateObj, Boolean& dataReady)
         at Microsoft.Data.SqlClient.SqlDataReader.TryHasMoreRows(Boolean& moreRows)
         at Microsoft.Data.SqlClient.SqlDataReader.TryHasMoreResults(Boolean& moreResults)
         at Microsoft.Data.SqlClient.SqlDataReader.TryNextResult(Boolean& more)
         at Microsoft.Data.SqlClient.SqlDataReader.NextResultAsyncExecute(Task task, Object state)
         at Microsoft.Data.SqlClient.SqlDataReader.InvokeAsyncCall[T](SqlDataReaderBaseAsyncCallContext`1 context)
      --- End of stack trace from previous location ---
         at Microsoft.EntityFrameworkCore.Update.AffectedCountModificationCommandBatch.ConsumeAsync(RelationalDataReader reader, CancellationToken cancellationToken)
      ClientConnectionId:ee69629e-f8bc-453f-adf6-cc615dfc88b4
      Error Number:544,State:1,Class:16
         --- End of inner exception stack trace ---
         at Microsoft.EntityFrameworkCore.Update.AffectedCountModificationCommandBatch.ConsumeAsync(RelationalDataReader reader, CancellationToken cancellationToken)
         at Microsoft.EntityFrameworkCore.Update.ReaderModificationCommandBatch.ExecuteAsync(IRelationalConnection connection, CancellationToken cancellationToken)
         at Microsoft.EntityFrameworkCore.Update.ReaderModificationCommandBatch.ExecuteAsync(IRelationalConnection connection, CancellationToken cancellationToken)
         at Microsoft.EntityFrameworkCore.SqlServer.Update.Internal.SqlServerModificationCommandBatch.ExecuteAsync(IRelationalConnection connection, CancellationToken cancellationToken)
         at Microsoft.EntityFrameworkCore.Update.Internal.BatchExecutor.ExecuteAsync(IEnumerable`1 commandBatches, IRelationalConnection connection, CancellationToken cancellationToken)
         at Microsoft.EntityFrameworkCore.Update.Internal.BatchExecutor.ExecuteAsync(IEnumerable`1 commandBatches, IRelationalConnection connection, CancellationToken cancellationToken)
         at Microsoft.EntityFrameworkCore.Update.Internal.BatchExecutor.ExecuteAsync(IEnumerable`1 commandBatches, IRelationalConnection connection, CancellationToken cancellationToken)
         at Microsoft.EntityFrameworkCore.ChangeTracking.Internal.StateManager.SaveChangesAsync(IList`1 entriesToSave, CancellationToken cancellationToken)
         at Microsoft.EntityFrameworkCore.ChangeTracking.Internal.StateManager.SaveChangesAsync(StateManager stateManager, Boolean acceptAllChangesOnSuccess, CancellationToken cancellationToken)
         at Microsoft.EntityFrameworkCore.SqlServer.Storage.Internal.SqlServerExecutionStrategy.ExecuteAsync[TState,TResult](TState state, Func`4 operation, Func`4 verifySucceeded, CancellationToken cancellationToken)
         at Microsoft.EntityFrameworkCore.DbContext.SaveChangesAsync(Boolean acceptAllChangesOnSuccess, CancellationToken cancellationToken)
      Microsoft.EntityFrameworkCore.DbUpdateException: An error occurred while saving the entity changes. See the inner exception for details.
       ---> Microsoft.Data.SqlClient.SqlException (0x80131904): Cannot insert explicit value for identity column in table 'Departments' when IDENTITY_INSERT is set to OFF.
         at Microsoft.Data.SqlClient.SqlConnection.OnError(SqlException exception, Boolean breakConnection, Action`1 wrapCloseInAction)
         at Microsoft.Data.SqlClient.SqlInternalConnection.OnError(SqlException exception, Boolean breakConnection, Action`1 wrapCloseInAction)
         at Microsoft.Data.SqlClient.TdsParser.ThrowExceptionAndWarning(TdsParserStateObject stateObj, Boolean callerHasConnectionLock, Boolean asyncClose)
         at Microsoft.Data.SqlClient.TdsParser.TryRun(RunBehavior runBehavior, SqlCommand cmdHandler, SqlDataReader dataStream, BulkCopySimpleResultSet bulkCopyHandler, TdsParserStateObject stateObj, Boolean& dataReady)
         at Microsoft.Data.SqlClient.SqlDataReader.TryHasMoreRows(Boolean& moreRows)
         at Microsoft.Data.SqlClient.SqlDataReader.TryHasMoreResults(Boolean& moreResults)
         at Microsoft.Data.SqlClient.SqlDataReader.TryNextResult(Boolean& more)
         at Microsoft.Data.SqlClient.SqlDataReader.NextResultAsyncExecute(Task task, Object state)
         at Microsoft.Data.SqlClient.SqlDataReader.InvokeAsyncCall[T](SqlDataReaderBaseAsyncCallContext`1 context)
      --- End of stack trace from previous location ---
         at Microsoft.EntityFrameworkCore.Update.AffectedCountModificationCommandBatch.ConsumeAsync(RelationalDataReader reader, CancellationToken cancellationToken)
      ClientConnectionId:ee69629e-f8bc-453f-adf6-cc615dfc88b4
      Error Number:544,State:1,Class:16
         --- End of inner exception stack trace ---
         at Microsoft.EntityFrameworkCore.Update.AffectedCountModificationCommandBatch.ConsumeAsync(RelationalDataReader reader, CancellationToken cancellationToken)
         at Microsoft.EntityFrameworkCore.Update.ReaderModificationCommandBatch.ExecuteAsync(IRelationalConnection connection, CancellationToken cancellationToken)
         at Microsoft.EntityFrameworkCore.Update.ReaderModificationCommandBatch.ExecuteAsync(IRelationalConnection connection, CancellationToken cancellationToken)
         at Microsoft.EntityFrameworkCore.SqlServer.Update.Internal.SqlServerModificationCommandBatch.ExecuteAsync(IRelationalConnection connection, CancellationToken cancellationToken)
         at Microsoft.EntityFrameworkCore.Update.Internal.BatchExecutor.ExecuteAsync(IEnumerable`1 commandBatches, IRelationalConnection connection, CancellationToken cancellationToken)
         at Microsoft.EntityFrameworkCore.Update.Internal.BatchExecutor.ExecuteAsync(IEnumerable`1 commandBatches, IRelationalConnection connection, CancellationToken cancellationToken)
         at Microsoft.EntityFrameworkCore.Update.Internal.BatchExecutor.ExecuteAsync(IEnumerable`1 commandBatches, IRelationalConnection connection, CancellationToken cancellationToken)
         at Microsoft.EntityFrameworkCore.ChangeTracking.Internal.StateManager.SaveChangesAsync(IList`1 entriesToSave, CancellationToken cancellationToken)
         at Microsoft.EntityFrameworkCore.ChangeTracking.Internal.StateManager.SaveChangesAsync(StateManager stateManager, Boolean acceptAllChangesOnSuccess, CancellationToken cancellationToken)
         at Microsoft.EntityFrameworkCore.SqlServer.Storage.Internal.SqlServerExecutionStrategy.ExecuteAsync[TState,TResult](TState state, Func`4 operation, Func`4 verifySucceeded, CancellationToken cancellationToken)
         at Microsoft.EntityFrameworkCore.DbContext.SaveChangesAsync(Boolean acceptAllChangesOnSuccess, CancellationToken cancellationToken)
Content fix error: An error occurred while saving the entity changes. See the inner exception for details.
dbug: Microsoft.AspNetCore.Mvc.ModelBinding.ModelBinderFactory[12]
      Registered model binder providers, in the following order: Microsoft.AspNetCore.Mvc.ModelBinding.Binders.BinderTypeModelBinderProvider, Microsoft.AspNetCore.Mvc.ModelBinding.Binders.ServicesModelBinderProvider, Microsoft.AspNetCore.Mvc.ModelBinding.Binders.BodyModelBinderProvider, Microsoft.AspNetCore.Mvc.ModelBinding.Binders.HeaderModelBinderProvider, Microsoft.AspNetCore.Mvc.ModelBinding.Binders.FloatingPointTypeModelBinderProvider, Microsoft.AspNetCore.Mvc.ModelBinding.Binders.EnumTypeModelBinderProvider, Microsoft.AspNetCore.Mvc.ModelBinding.Binders.DateTimeModelBinderProvider, Microsoft.AspNetCore.Mvc.ModelBinding.Binders.SimpleTypeModelBinderProvider, Microsoft.AspNetCore.Mvc.ModelBinding.Binders.TryParseModelBinderProvider, Microsoft.AspNetCore.Mvc.ModelBinding.Binders.CancellationTokenModelBinderProvider, Microsoft.AspNetCore.Mvc.ModelBinding.Binders.ByteArrayModelBinderProvider, Microsoft.AspNetCore.Mvc.ModelBinding.Binders.FormFileModelBinderProvider, Microsoft.AspNetCore.Mvc.ModelBinding.Binders.FormCollectionModelBinderProvider, Microsoft.AspNetCore.Mvc.ModelBinding.Binders.KeyValuePairModelBinderProvider, Microsoft.AspNetCore.Mvc.ModelBinding.Binders.DictionaryModelBinderProvider, Microsoft.AspNetCore.Mvc.ModelBinding.Binders.ArrayModelBinderProvider, Microsoft.AspNetCore.Mvc.ModelBinding.Binders.CollectionModelBinderProvider, Microsoft.AspNetCore.Mvc.ModelBinding.Binders.ComplexObjectModelBinderProvider
dbug: Microsoft.AspNetCore.Mvc.Razor.Compilation.DefaultViewCompiler[3]
      Initializing Razor view compiler with compiled view: '/Pages/_Host.cshtml'.
dbug: Microsoft.AspNetCore.SignalR.Internal.DefaultHubProtocolResolver[1]
      Registered SignalR Protocol: json, implemented by Microsoft.AspNetCore.SignalR.Protocol.JsonHubProtocol.
dbug: Microsoft.AspNetCore.SignalR.Internal.DefaultHubProtocolResolver[1]
      Registered SignalR Protocol: blazorpack, implemented by Microsoft.AspNetCore.Components.Server.BlazorPack.BlazorPackHubProtocol.
dbug: Microsoft.Extensions.Hosting.Internal.Host[1]
      Hosting starting
dbug: Microsoft.AspNetCore.DataProtection.Repositories.FileSystemXmlRepository[37]
      Reading data from file 'C:\Users\eneso\AppData\Local\ASP.NET\DataProtection-Keys\key-b9058517-11cf-4d72-88f3-1035b2f1951a.xml'.
dbug: Microsoft.AspNetCore.DataProtection.KeyManagement.XmlKeyManager[18]
      Found key {b9058517-11cf-4d72-88f3-1035b2f1951a}.
dbug: Microsoft.AspNetCore.DataProtection.KeyManagement.DefaultKeyResolver[13]
      Considering key {b9058517-11cf-4d72-88f3-1035b2f1951a} with expiration date 2026-01-18 18:34:04Z as default key.
dbug: Microsoft.AspNetCore.DataProtection.TypeForwardingActivator[0]
      Forwarded activator type request from Microsoft.AspNetCore.DataProtection.XmlEncryption.DpapiXmlDecryptor, Microsoft.AspNetCore.DataProtection, Version=8.0.0.0, Culture=neutral, PublicKeyToken=adb9793829ddae60 to Microsoft.AspNetCore.DataProtection.XmlEncryption.DpapiXmlDecryptor, Microsoft.AspNetCore.DataProtection, Culture=neutral, PublicKeyToken=adb9793829ddae60
dbug: Microsoft.AspNetCore.DataProtection.XmlEncryption.DpapiXmlDecryptor[51]
      Decrypting secret element using Windows DPAPI.
dbug: Microsoft.AspNetCore.DataProtection.TypeForwardingActivator[0]
      Forwarded activator type request from Microsoft.AspNetCore.DataProtection.AuthenticatedEncryption.ConfigurationModel.AuthenticatedEncryptorDescriptorDeserializer, Microsoft.AspNetCore.DataProtection, Version=8.0.0.0, Culture=neutral, PublicKeyToken=adb9793829ddae60 to Microsoft.AspNetCore.DataProtection.AuthenticatedEncryption.ConfigurationModel.AuthenticatedEncryptorDescriptorDeserializer, Microsoft.AspNetCore.DataProtection, Culture=neutral, PublicKeyToken=adb9793829ddae60
dbug: Microsoft.AspNetCore.DataProtection.AuthenticatedEncryption.CngCbcAuthenticatedEncryptorFactory[4]
      Opening CNG algorithm 'AES' from provider '(null)' with chaining mode CBC.
dbug: Microsoft.AspNetCore.DataProtection.AuthenticatedEncryption.CngCbcAuthenticatedEncryptorFactory[3]
      Opening CNG algorithm 'SHA256' from provider '(null)' with HMAC.
dbug: Microsoft.AspNetCore.DataProtection.KeyManagement.KeyRingProvider[2]
      Using key {b9058517-11cf-4d72-88f3-1035b2f1951a} as the default key.
dbug: Microsoft.AspNetCore.DataProtection.Internal.DataProtectionHostedService[65]
      Key ring with default key {b9058517-11cf-4d72-88f3-1035b2f1951a} was loaded during application startup.
fail: Microsoft.Extensions.Hosting.Internal.Host[11]
      Hosting failed to start
      System.IO.IOException: Failed to bind to address https://127.0.0.1:7273: address already in use.
       ---> Microsoft.AspNetCore.Connections.AddressInUseException: Normal olarak her yuva adresi (ileti┼şim kural─▒/a─ş adresi/ba─şlant─▒ noktas─▒) i├ğin yaln─▒zca bir kullan─▒ma izin veriliyor.
       ---> System.Net.Sockets.SocketException (10048): Normal olarak her yuva adresi (ileti┼şim kural─▒/a─ş adresi/ba─şlant─▒ noktas─▒) i├ğin yaln─▒zca bir kullan─▒ma izin veriliyor.
         at System.Net.Sockets.Socket.UpdateStatusAfterSocketErrorAndThrowException(SocketError error, Boolean disconnectOnFailure, String callerName)
         at System.Net.Sockets.Socket.DoBind(EndPoint endPointSnapshot, SocketAddress socketAddress)
         at System.Net.Sockets.Socket.Bind(EndPoint localEP)
         at Microsoft.AspNetCore.Server.Kestrel.Transport.Sockets.SocketTransportOptions.CreateDefaultBoundListenSocket(EndPoint endpoint)
         at Microsoft.AspNetCore.Server.Kestrel.Transport.Sockets.SocketConnectionListener.Bind()
         --- End of inner exception stack trace ---
         at Microsoft.AspNetCore.Server.Kestrel.Transport.Sockets.SocketConnectionListener.Bind()
         at Microsoft.AspNetCore.Server.Kestrel.Transport.Sockets.SocketTransportFactory.BindAsync(EndPoint endpoint, CancellationToken cancellationToken)
         at Microsoft.AspNetCore.Server.Kestrel.Core.Internal.Infrastructure.TransportManager.BindAsync(EndPoint endPoint, ConnectionDelegate connectionDelegate, EndpointConfig endpointConfig, CancellationToken cancellationToken)
         at Microsoft.AspNetCore.Server.Kestrel.Core.KestrelServerImpl.<>c__DisplayClass28_0`1.<<StartAsync>g__OnBind|0>d.MoveNext()
      --- End of stack trace from previous location ---
         at Microsoft.AspNetCore.Server.Kestrel.Core.Internal.AddressBinder.BindEndpointAsync(ListenOptions endpoint, AddressBindContext context, CancellationToken cancellationToken)
         --- End of inner exception stack trace ---
         at Microsoft.AspNetCore.Server.Kestrel.Core.Internal.AddressBinder.BindEndpointAsync(ListenOptions endpoint, AddressBindContext context, CancellationToken cancellationToken)
         at Microsoft.AspNetCore.Server.Kestrel.Core.LocalhostListenOptions.BindAsync(AddressBindContext context, CancellationToken cancellationToken)
         at Microsoft.AspNetCore.Server.Kestrel.Core.Internal.AddressBinder.AddressesStrategy.BindAsync(AddressBindContext context, CancellationToken cancellationToken)
         at Microsoft.AspNetCore.Server.Kestrel.Core.Internal.AddressBinder.BindAsync(ListenOptions[] listenOptions, AddressBindContext context, Func`2 useHttps, CancellationToken cancellationToken)
         at Microsoft.AspNetCore.Server.Kestrel.Core.KestrelServerImpl.BindAsync(CancellationToken cancellationToken)
         at Microsoft.AspNetCore.Server.Kestrel.Core.KestrelServerImpl.StartAsync[TContext](IHttpApplication`1 application, CancellationToken cancellationToken)
         at Microsoft.AspNetCore.Hosting.GenericWebHostService.StartAsync(CancellationToken cancellationToken)
         at Microsoft.Extensions.Hosting.Internal.Host.<StartAsync>b__15_1(IHostedService service, CancellationToken token)
         at Microsoft.Extensions.Hosting.Internal.Host.ForeachService[T](IEnumerable`1 services, CancellationToken token, Boolean concurrent, Boolean abortOnFirstException, List`1 exceptions, Func`3 operation)
Unhandled exception. System.IO.IOException: Failed to bind to address https://127.0.0.1:7273: address already in use.
 ---> Microsoft.AspNetCore.Connections.AddressInUseException: Normal olarak her yuva adresi (ileti┼şim kural─▒/a─ş adresi/ba─şlant─▒ noktas─▒) i├ğin yaln─▒zca bir kullan─▒ma izin veriliyor.
 ---> System.Net.Sockets.SocketException (10048): Normal olarak her yuva adresi (ileti┼şim kural─▒/a─ş adresi/ba─şlant─▒ noktas─▒) i├ğin yaln─▒zca bir kullan─▒ma izin veriliyor.
   at System.Net.Sockets.Socket.UpdateStatusAfterSocketErrorAndThrowException(SocketError error, Boolean disconnectOnFailure, String callerName)
   at System.Net.Sockets.Socket.DoBind(EndPoint endPointSnapshot, SocketAddress socketAddress)
   at System.Net.Sockets.Socket.Bind(EndPoint localEP)
   at Microsoft.AspNetCore.Server.Kestrel.Transport.Sockets.SocketTransportOptions.CreateDefaultBoundListenSocket(EndPoint endpoint)
   at Microsoft.AspNetCore.Server.Kestrel.Transport.Sockets.SocketConnectionListener.Bind()
   --- End of inner exception stack trace ---
   at Microsoft.AspNetCore.Server.Kestrel.Transport.Sockets.SocketConnectionListener.Bind()
   at Microsoft.AspNetCore.Server.Kestrel.Transport.Sockets.SocketTransportFactory.BindAsync(EndPoint endpoint, CancellationToken cancellationToken)
   at Microsoft.AspNetCore.Server.Kestrel.Core.Internal.Infrastructure.TransportManager.BindAsync(EndPoint endPoint, ConnectionDelegate connectionDelegate, EndpointConfig endpointConfig, CancellationToken cancellationToken)
   at Microsoft.AspNetCore.Server.Kestrel.Core.KestrelServerImpl.<>c__DisplayClass28_0`1.<<StartAsync>g__OnBind|0>d.MoveNext()
--- End of stack trace from previous location ---
   at Microsoft.AspNetCore.Server.Kestrel.Core.Internal.AddressBinder.BindEndpointAsync(ListenOptions endpoint, AddressBindContext context, CancellationToken cancellationToken)
   --- End of inner exception stack trace ---
   at Microsoft.AspNetCore.Server.Kestrel.Core.Internal.AddressBinder.BindEndpointAsync(ListenOptions endpoint, AddressBindContext context, CancellationToken cancellationToken)
   at Microsoft.AspNetCore.Server.Kestrel.Core.LocalhostListenOptions.BindAsync(AddressBindContext context, CancellationToken cancellationToken)
   at Microsoft.AspNetCore.Server.Kestrel.Core.Internal.AddressBinder.AddressesStrategy.BindAsync(AddressBindContext context, CancellationToken cancellationToken)
   at Microsoft.AspNetCore.Server.Kestrel.Core.Internal.AddressBinder.BindAsync(ListenOptions[] listenOptions, AddressBindContext context, Func`2 useHttps, CancellationToken cancellationToken)
   at Microsoft.AspNetCore.Server.Kestrel.Core.KestrelServerImpl.BindAsync(CancellationToken cancellationToken)
   at Microsoft.AspNetCore.Server.Kestrel.Core.KestrelServerImpl.StartAsync[TContext](IHttpApplication`1 application, CancellationToken cancellationToken)
   at Microsoft.AspNetCore.Hosting.GenericWebHostService.StartAsync(CancellationToken cancellationToken)
   at Microsoft.Extensions.Hosting.Internal.Host.<StartAsync>b__15_1(IHostedService service, CancellationToken token)
   at Microsoft.Extensions.Hosting.Internal.Host.ForeachService[T](IEnumerable`1 services, CancellationToken token, Boolean concurrent, Boolean abortOnFirstException, List`1 exceptions, Func`3 operation)
   at Microsoft.Extensions.Hosting.Internal.Host.StartAsync(CancellationToken cancellationToken)
   at Microsoft.Extensions.Hosting.HostingAbstractionsHostExtensions.RunAsync(IHost host, CancellationToken token)
   at Microsoft.Extensions.Hosting.HostingAbstractionsHostExtensions.RunAsync(IHost host, CancellationToken token)
   at Microsoft.Extensions.Hosting.HostingAbstractionsHostExtensions.Run(IHost host)
   at Program.<Main>$(String[] args) in C:\Users\eneso\source\repos\microbloom-1\microbloom\Program.cs:line 152
   at Program.<Main>(String[] args)
